Category: 央视频道, Name: CCTV-5+, Total: 3, Valid: 3, Valid Percent: 100.00%, Whitelist: 0, IPv4: 3, IPv6: 0, Min Delay: 400 ms, Max Speed: 5.25 M/s, Avg Speed: 5.25 M/s, Max Resolution: 1280x720
Category: 央视频道, Name: CCTV-7, Total: 2, Valid: 2, Valid Percent: 100.00%, Whitelist: 0, IPv4: 2, IPv6: 0, Min Delay: 400 ms, Max Speed: 5.25 M/s, Avg Speed: 5.25 M/s, Max Resolution: 1280x720
Category: 央视频道, Name: CCTV-8, Total: 22, Valid: 22, Valid Percent: 100.00%, Whitelist: 0, IPv4: 22, IPv6: 0, Min Delay: 83 ms, Max Speed: 58.80 M/s, Avg Speed: 11.69 M/s, Max Resolution: 1920x1080
Category: 央视频道, Name: CCTV-10, Total: 25, Valid: 25, Valid Percent: 100.00%, Whitelist: 0, IPv4: 25, IPv6: 0, Min Delay: 83 ms, Max Speed: 58.80 M/s, Avg Speed: 18.60 M/s, Max Resolution: 1920x1080
Category: 央视频道, Name: CCTV-11, Total: 18, Valid: 18, Valid Percent: 100.00%, Whitelist: 0, IPv4: 18, IPv6: 0, Min Delay: 83 ms, Max Speed: 58.80 M/s, Avg Speed: 22.80 M/s, Max Resolution: 1920x1080
Category: 央视频道, Name: CCTV-12, Total: 20, Valid: 20, Valid Percent: 100.00%, Whitelist: 0, IPv4: 20, IPv6: 0, Min Delay: 83 ms, Max Speed: 58.80 M/s, Avg Speed: 23.46 M/s, Max Resolution: 1920x1080
Category: 央视频道, Name: CCTV-13, Total: 15, Valid: 15, Valid Percent: 100.00%, Whitelist: 0, IPv4: 15, IPv6: 0, Min Delay: 83 ms, Max Speed: 58.80 M/s, Avg Speed: 29.58 M/s, Max Resolution: 1920x1080
Category: 央视频道, Name: CCTV-14, Total: 24, Valid: 24, Valid Percent: 100.00%, Whitelist: 0, IPv4: 22, IPv6: 2, Min Delay: 83 ms, Max Speed: 58.80 M/s, Avg Speed: 19.74 M/s, Max Resolution: 1920x1080
Category: 央视频道, Name: CCTV-15, Total: 22, Valid: 22, Valid Percent: 100.00%, Whitelist: 0, IPv4: 22, IPv6: 0, Min Delay: 83 ms, Max Speed: 58.80 M/s, Avg Speed: 21.74 M/s, Max Resolution: 1920x1080
Category: 央视频道, Name: CCTV-16, Total: 19, Valid: 19, Valid Percent: 100.00%, Whitelist: 0, IPv4: 19, IPv6: 0, Min Delay: 83 ms, Max Speed: 58.80 M/s, Avg Speed: 16.44 M/s, Max Resolution: 1920x1080
Category: 央视频道, Name: CCTV-17, Total: 20, Valid: 20, Valid Percent: 100.00%, Whitelist: 0, IPv4: 20, IPv6: 0, Min Delay: 83 ms, Max Speed: 58.80 M/s, Avg Speed: 23.39 M/s, Max Resolution: 1920x1080
Category: 卫视频道, Name: 广东卫视, Total: 16, Valid: 16, Valid Percent: 100.00%, Whitelist: 0, IPv4: 16, IPv6: 0, Min Delay: 83 ms, Max Speed: 72.07 M/s, Avg Speed: 29.20 M/s, Max Resolution: 1920x1080
Category: 卫视频道, Name: 广东珠江, Total: 7, Valid: 7, Valid Percent: 100.00%, Whitelist: 0, IPv4: 7, IPv6: 0, Min Delay: 357 ms, Max Speed: 9.82 M/s, Avg Speed: 6.70 M/s, Max Resolution: 1920x1080
Category: 卫视频道, Name: 广东体育, Total: 7, Valid: 7, Valid Percent: 100.00%, Whitelist: 0, IPv4: 5, IPv6: 2, Min Delay: 357 ms, Max Speed: 22.75 M/s, Avg Speed: 11.39 M/s, Max Resolution: 1920x1080
Category: 卫视频道, Name: 浙江卫视, Total: 21, Valid: 21, Valid Percent: 100.00%, Whitelist: 0, IPv4: 21, IPv6: 0, Min Delay: 83 ms, Max Speed: 58.80 M/s, Avg Speed: 18.66 M/s, Max Resolution: 1920x1080
Category: 卫视频道, Name: 湖南卫视, Total: 26, Valid: 26, Valid Percent: 100.00%, Whitelist: 0, IPv4: 26, IPv6: 0, Min Delay: 83 ms, Max Speed: 72.07 M/s, Avg Speed: 21.05 M/s, Max Resolution: 3840x2160
Category: 卫视频道, Name: 北京卫视, Total: 17, Valid: 17, Valid Percent: 100.00%, Whitelist: 0, IPv4: 17, IPv6: 0, Min Delay: 83 ms, Max Speed: 58.80 M/s, Avg Speed: 23.22 M/s, Max Resolution: 1920x1080
Category: 卫视频道, Name: 湖北卫视, Total: 15, Valid: 15, Valid Percent: 100.00%, Whitelist: 0, IPv4: 15, IPv6: 0, Min Delay: 83 ms, Max Speed: 58.80 M/s, Avg Speed: 26.28 M/s, Max Resolution: 1920x1080
Category: 卫视频道, Name: 黑龙江卫视, Total: 15, Valid: 15, Valid Percent: 100.00%, Whitelist: 0, IPv4: 15, IPv6: 0, Min Delay: 83 ms, Max Speed: 58.80 M/s, Avg Speed: 29.85 M/s, Max Resolution: 1920x1080
Category: 卫视频道, Name: 安徽卫视, Total: 16, Valid: 16, Valid Percent: 100.00%, Whitelist: 0, IPv4: 16, IPv6: 0, Min Delay: 83 ms, Max Speed: 58.80 M/s, Avg Speed: 24.53 M/s, Max Resolution: 1920x1080
Category: 卫视频道, Name: 重庆卫视, Total: 16, Valid: 16, Valid Percent: 100.00%, Whitelist: 0, IPv4: 16, IPv6: 0, Min Delay: 83 ms, Max Speed: 58.80 M/s, Avg Speed: 28.31 M/s, Max Resolution: 1920x1080
Category: 卫视频道, Name: 东方卫视, Total: 18, Valid: 18, Valid Percent: 100.00%, Whitelist: 0, IPv4: 18, IPv6: 0, Min Delay: 83 ms, Max Speed: 72.07 M/s, Avg Speed: 29.17 M/s, Max Resolution: 1920x1080
Category: 卫视频道, Name: 东南卫视, Total: 17, Valid: 17, Valid Percent: 100.00%, Whitelist: 0, IPv4: 17, IPv6: 0, Min Delay: 83 ms, Max Speed: 58.80 M/s, Avg Speed: 33.08 M/s, Max Resolution: 1920x1080
Category: 卫视频道, Name: 甘肃卫视, Total: 12, Valid: 12, Valid Percent: 100.00%, Whitelist: 0, IPv4: 12, IPv6: 0, Min Delay: 83 ms, Max Speed: 58.80 M/s, Avg Speed: 36.16 M/s, Max Resolution: 1920x1080
Category: 卫视频道, Name: 广西卫视, Total: 15, Valid: 15, Valid Percent: 100.00%, Whitelist: 0, IPv4: 15, IPv6: 0, Min Delay: 83 ms, Max Speed: 58.80 M/s, Avg Speed: 37.25 M/s, Max Resolution: 1920x1080
Category: 卫视频道, Name: 贵州卫视, Total: 18, Valid: 18, Valid Percent: 100.00%, Whitelist: 0, IPv4: 18, IPv6: 0, Min Delay: 83 ms, Max Speed: 58.80 M/s, Avg Speed: 34.67 M/s, Max Resolution: 1920x1080
Category: 卫视频道, Name: 海南卫视, Total: 11, Valid: 11, Valid Percent: 100.00%, Whitelist: 0, IPv4: 11, IPv6: 0, Min Delay: 83 ms, Max Speed: 58.80 M/s, Avg Speed: 38.30 M/s, Max Resolution: 1920x1080
Category: 卫视频道, Name: 河北卫视, Total: 18, Valid: 18, Valid Percent: 100.00%, Whitelist: 0, IPv4: 18, IPv6: 0, Min Delay: 83 ms, Max Speed: 58.80 M/s, Avg Speed: 31.57 M/s, Max Resolution: 1920x1080
Category: 卫视频道, Name: 河南卫视, Total: 22, Valid: 22, Valid Percent: 100.00%, Whitelist: 0, IPv4: 22, IPv6: 0, Min Delay: 83 ms, Max Speed: 58.80 M/s, Avg Speed: 28.60 M/s, Max Resolution: 1920x1080
Category: 卫视频道, Name: 吉林卫视, Total: 14, Valid: 14, Valid Percent: 100.00%, Whitelist: 0, IPv4: 14, IPv6: 0, Min Delay: 83 ms, Max Speed: 58.80 M/s, Avg Speed: 27.78 M/s, Max Resolution: 1920x1080
Category: 卫视频道, Name: 江苏卫视, Total: 19, Valid: 19, Valid Percent: 100.00%, Whitelist: 0, IPv4: 19, IPv6: 0, Min Delay: 83 ms, Max Speed: 72.07 M/s, Avg Speed: 27.79 M/s, Max Resolution: 1920x1080
Category: 卫视频道, Name: 江西卫视, Total: 15, Valid: 15, Valid Percent: 100.00%, Whitelist: 0, IPv4: 15, IPv6: 0, Min Delay: 83 ms, Max Speed: 58.80 M/s, Avg Speed: 29.85 M/s, Max Resolution: 1920x1080
Category: 卫视频道, Name: 辽宁卫视, Total: 16, Valid: 16, Valid Percent: 100.00%, Whitelist: 0, IPv4: 16, IPv6: 0, Min Delay: 83 ms, Max Speed: 58.80 M/s, Avg Speed: 31.94 M/s, Max Resolution: 1920x1080
Category: 卫视频道, Name: 内蒙古卫视, Total: 12, Valid: 12, Valid Percent: 100.00%, Whitelist: 0, IPv4: 12, IPv6: 0, Min Delay: 83 ms, Max Speed: 58.80 M/s, Avg Speed: 27.26 M/s, Max Resolution: 1920x1080
Category: 卫视频道, Name: 宁夏卫视, Total: 14, Valid: 14, Valid Percent: 100.00%, Whitelist: 0, IPv4: 14, IPv6: 0, Min Delay: 83 ms, Max Speed: 58.80 M/s, Avg Speed: 28.09 M/s, Max Resolution: 1920x1080
Category: 卫视频道, Name: 青海卫视, Total: 18, Valid: 18, Valid Percent: 100.00%, Whitelist: 0, IPv4: 16, IPv6: 2, Min Delay: 83 ms, Max Speed: 58.80 M/s, Avg Speed: 28.25 M/s, Max Resolution: 1920x1080
Category: 卫视频道, Name: 山东卫视, Total: 17, Valid: 17, Valid Percent: 100.00%, Whitelist: 0, IPv4: 17, IPv6: 0, Min Delay: 83 ms, Max Speed: 58.80 M/s, Avg Speed: 26.82 M/s, Max Resolution: 1920x1080
Category: 卫视频道, Name: 山西卫视, Total: 14, Valid: 14, Valid Percent: 100.00%, Whitelist: 0, IPv4: 14, IPv6: 0, Min Delay: 83 ms, Max Speed: 58.80 M/s, Avg Speed: 23.37 M/s, Max Resolution: 1920x1080
Category: 卫视频道, Name: 陕西卫视, Total: 12, Valid: 12, Valid Percent: 100.00%, Whitelist: 0, IPv4: 12, IPv6: 0, Min Delay: 83 ms, Max Speed: 58.80 M/s, Avg Speed: 18.15 M/s, Max Resolution: 1920x1080
Category: 卫视频道, Name: 四川卫视, Total: 18, Valid: 18, Valid Percent: 100.00%, Whitelist: 0, IPv4: 18, IPv6: 0, Min Delay: 83 ms, Max Speed: 58.80 M/s, Avg Speed: 34.67 M/s, Max Resolution: 1920x1080
Category: 卫视频道, Name: 深圳卫视, Total: 17, Valid: 17, Valid Percent: 100.00%, Whitelist: 0, IPv4: 17, IPv6: 0, Min Delay: 83 ms, Max Speed: 58.80 M/s, Avg Speed: 26.54 M/s, Max Resolution: 1920x1080
Category: 卫视频道, Name: 三沙卫视, Total: 11, Valid: 11, Valid Percent: 100.00%, Whitelist: 0, IPv4: 11, IPv6: 0, Min Delay: 83 ms, Max Speed: 58.80 M/s, Avg Speed: 34.48 M/s, Max Resolution: 1920x1080
Category: 卫视频道, Name: 天津卫视, Total: 14, Valid: 14, Valid Percent: 100.00%, Whitelist: 0, IPv4: 14, IPv6: 0, Min Delay: 83 ms, Max Speed: 58.80 M/s, Avg Speed: 27.74 M/s, Max Resolution: 1920x1080
Category: 卫视频道, Name: 西藏卫视, Total: 14, Valid: 14, Valid Percent: 100.00%, Whitelist: 0, IPv4: 11, IPv6: 3, Min Delay: 83 ms, Max Speed: 58.80 M/s, Avg Speed: 22.74 M/s, Max Resolution: 1920x1080
Category: 卫视频道, Name: 新疆卫视, Total: 14, Valid: 14, Valid Percent: 100.00%, Whitelist: 0, IPv4: 13, IPv6: 1, Min Delay: 83 ms, Max Speed: 58.80 M/s, Avg Speed: 23.62 M/s, Max Resolution: 1920x1080
Category: 卫视频道, Name: 云南卫视, Total: 19, Valid: 19, Valid Percent: 100.00%, Whitelist: 0, IPv4: 18, IPv6: 1, Min Delay: 83 ms, Max Speed: 58.80 M/s, Avg Speed: 29.81 M/s, Max Resolution: 1920x1080
Category: 🏀体育频道, Name: CCTV-5, Total: 33, Valid: 30, Valid Percent: 90.91%, Whitelist: 0, IPv4: 32, IPv6: 1, Min Delay: 83 ms, Max Speed: 58.80 M/s, Avg Speed: 14.96 M/s, Max Resolution: 1920x1080
Category: 🏀体育频道, Name: CCTV-5+, Total: 2, Valid: 2, Valid Percent: 100.00%, Whitelist: 0, IPv4: 2, IPv6: 0, Min Delay: 400 ms, Max Speed: 5.25 M/s, Avg Speed: 5.25 M/s, Max Resolution: 1280x720
Category: 🏀体育频道, Name: 广东体育, Total: 6, Valid: 6, Valid Percent: 100.00%, Whitelist: 0, IPv4: 5, IPv6: 1, Min Delay: 357 ms, Max Speed: 22.75 M/s, Avg Speed: 9.49 M/s, Max Resolution: 1920x1080
Category: 🏀体育频道, Name: 纬来体育, Total: 2, Valid: 0, Valid Percent: 0.00%, Whitelist: 0, IPv4: 2, IPv6: 0, Min Delay: 432 ms, Max Speed: 0.00 M/s, Avg Speed: 0.00 M/s, Max Resolution: 1280x720
Category: 🏀体育频道, Name: 五星体育, Total: 3, Valid: 3, Valid Percent: 100.00%, Whitelist: 0, IPv4: 2, IPv6: 1, Min Delay: 400 ms, Max Speed: 22.75 M/s, Avg Speed: 11.81 M/s, Max Resolution: 1920x1080
